// Jest Snapshot v1, https://goo.gl/fbAQLP

exports[`<ReadingList /> renders properly 1`] = `
<div
  class="home item-list"
>
  <div
    class="side-bar"
  >
    <div
      class="widget filters"
    >
      <input
        onKeyUp={[Function]}
        placeHolder="search your list"
      />
      <div
        class="filters-header"
      >
        <h4
          class="filters-header-text"
        >
          my tags
        </h4>
      </div>
      <div
        class="tags"
      >
        <a
          class="tag "
          data-no-instant={true}
          href="/t/discuss"
          onClick={[Function]}
        >
          #discuss
        </a>
      </div>
      <div
        class="status-view-toggle"
      >
        <a
          data-no-instant={true}
          href="/readinglist/archive"
          onClick={[Function]}
        >
          View Archive
        </a>
      </div>
    </div>
    Loading...
  </div>
  <div
    class="items-container"
  >
    <div
      class="results "
    >
      <div
        class="results-header"
      >
        Articles (empty)
      </div>
      <div>
        <div
          class="items-empty"
        >
          <h1>
            Your Archive List is Lonely
          </h1>
        </div>
      </div>
    </div>
  </div>
  <div
    class="collections-container"
  >
    <div
      class="collections-header"
    >
      Collections
    </div>
    <article
      class="single-collection-preview"
    >
      <h2>
        Best of JS
      </h2>
    </article>
  </div>
</div>
`;
